// Jest Snapshot v1, https://goo.gl/fbAQLP

exports[`should only allow numeric, dash, and parentheses entries 1`] = `
<input
  autoFocus={false}
  className="form-field"
  id="number-field"
  maxLength={254}
  name={undefined}
  onBlur={[Function]}
  onChange={[Function]}
  placeholder={undefined}
  readOnly={undefined}
  size={30}
  value=""
/>
`;
